// Jest Snapshot v1, https://goo.gl/fbAQLP

exports[`class HelloWorldList extends _react.Component {

	constructor(props) {
		super(props);
		this.state = { greetings: ['Jim', 'Sally', 'juan'] };
		this.addGreeting = this.addGreeting.bind(this);
		this.removeGreeting = this.removeGreeting.bind(this);
	}

	renderGreetings() {
		return this.state.greetings.map(name =>
		_react2.default.createElement(HelloWorld, { key: name, name: name, removeGreeting: this.removeGreeting, __source: { fileName: _jsxFileName, lineNumber: 46 }, __self: this }));

	}

	addGreeting(newName) {
		this.setState({ greetings: [...this.state.greetings, newName] });
	}

	removeGreeting(removeName) {
		const filteredGreetings = this.state.greetings.filter(name => {
			return name !== removeName;
		});
		this.setState({ greetings: filteredGreetings });
	}

	render() {
		return (
			_react2.default.createElement('div', { className: 'HelloWorldList', __source: { fileName: _jsxFileName, lineNumber: 63 }, __self: this },
				_react2.default.createElement('p', { __source: { fileName: _jsxFileName, lineNumber: 64 }, __self: this }, _react2.default.createElement('strong', { __source: { fileName: _jsxFileName, lineNumber: 64 }, __self: this }, 'Check the tests into the folder src/pages/basics/hello-world')),
				_react2.default.createElement(_AddGreeter2.default, { addGreeting: this.addGreeting, __source: { fileName: _jsxFileName, lineNumber: 65 }, __self: this }),
				this.renderGreetings()));


	}} renders and matches our snapshot 1`] = `
<div
  className="HelloWorldList"
>
  <p>
    <strong>
      Check the tests into the folder src/pages/basics/hello-world
    </strong>
  </p>
  <div
    className="AddGreeter"
  >
    <input
      onChange={[Function]}
      type="text"
      value=""
    />
      
    <button
      onClick={[Function]}
    >
      Add
    </button>
  </div>
  <div
    className="HelloWorld"
  >
    Hello
     
    Jim
    !
    <br />
    <button
      className="frenchify"
      onClick={[Function]}
    >
      Frenchify!
    </button>
    <br />
    <button
      className="remove"
      onClick={[Function]}
    >
      Remove Greeting
    </button>
  </div>
  <div
    className="HelloWorld"
  >
    Hello
     
    Sally
    !
    <br />
    <button
      className="frenchify"
      onClick={[Function]}
    >
      Frenchify!
    </button>
    <br />
    <button
      className="remove"
      onClick={[Function]}
    >
      Remove Greeting
    </button>
  </div>
  <div
    className="HelloWorld"
  >
    Hello
     
    juan
    !
    <br />
    <button
      className="frenchify"
      onClick={[Function]}
    >
      Frenchify!
    </button>
    <br />
    <button
      className="remove"
      onClick={[Function]}
    >
      Remove Greeting
    </button>
  </div>
</div>
`;
